[preview.colorlib.com/theme/fantom/index.html]
[preview.colorlib.com/theme/fantom/img/favicon.png]
[backblue.gif]
[fade.gif]
[index.html]
[preview.colorlib.com/theme/fantom/css/bootstrap.css]
[preview.colorlib.com/theme/fantom/vendors/linericon/style.css]
[preview.colorlib.com/theme/fantom/css/font-awesome.min.css]
[preview.colorlib.com/theme/fantom/vendors/owl-carousel/owl.carousel.min.css]
[preview.colorlib.com/theme/fantom/vendors/lightbox/simpleLightbox.css]
[preview.colorlib.com/theme/fantom/vendors/nice-select/css/nice-select.css]
[preview.colorlib.com/theme/fantom/vendors/animate-css/animate.css]
[preview.colorlib.com/theme/fantom/vendors/jquery-ui/jquery-ui.css]
[preview.colorlib.com/theme/fantom/css/style.css]
[preview.colorlib.com/theme/fantom/css/responsive.css]
[preview.colorlib.com/theme/fantom/img/logo.png]
[preview.colorlib.com/theme/fantom/index-2.html]
[preview.colorlib.com/theme/fantom/category.html]
[preview.colorlib.com/theme/fantom/archive.html]
[preview.colorlib.com/theme/fantom/single-blog.html]
[preview.colorlib.com/theme/fantom/elements.html]
[preview.colorlib.com/theme/fantom/contact.html]
[preview.colorlib.com/theme/fantom/img/post-slider/post-s-1.jpg]
[preview.colorlib.com/theme/fantom/img/post-slider/post-s-2.jpg]
[preview.colorlib.com/theme/fantom/img/post-slider/post-s-3.jpg]
[preview.colorlib.com/theme/fantom/img/post-slider/post-s-4.jpg]
[preview.colorlib.com/theme/fantom/img/home-blog/blog-1.jpg]
[preview.colorlib.com/theme/fantom/img/home-blog/blog-2.jpg]
[preview.colorlib.com/theme/fantom/img/home-blog/blog-small-1.jpg]
[preview.colorlib.com/theme/fantom/img/home-blog/blog-small-2.jpg]
[preview.colorlib.com/theme/fantom/img/home-blog/blog-3.jpg]
[preview.colorlib.com/theme/fantom/img/home-blog/blog-4.jpg]
[preview.colorlib.com/theme/fantom/img/blog/author.png]
[preview.colorlib.com/theme/fantom/img/blog/popular-post/post1.jpg]
[preview.colorlib.com/theme/fantom/blog-details.html]
[preview.colorlib.com/theme/fantom/img/blog/popular-post/post2.jpg]
[preview.colorlib.com/theme/fantom/img/blog/popular-post/post3.jpg]
[preview.colorlib.com/theme/fantom/img/blog/popular-post/post4.jpg]
[preview.colorlib.com/theme/fantom/img/blog/add.jpg]
[preview.colorlib.com/theme/fantom/img/instagram/Image-01.jpg]
[preview.colorlib.com/theme/fantom/img/instagram/Image-02.jpg]
[preview.colorlib.com/theme/fantom/img/instagram/Image-03.jpg]
[preview.colorlib.com/theme/fantom/img/instagram/Image-04.jpg]
[preview.colorlib.com/theme/fantom/img/instagram/Image-05.jpg]
[preview.colorlib.com/theme/fantom/img/instagram/Image-06.jpg]
[preview.colorlib.com/theme/fantom/img/instagram/Image-07.jpg]
[preview.colorlib.com/theme/fantom/img/instagram/Image-08.jpg]
[preview.colorlib.com/theme/fantom/js/jquery-3.2.1.min.js]
[preview.colorlib.com/theme/fantom/js/popper.js]
[preview.colorlib.com/theme/fantom/js/bootstrap.min.js]
[preview.colorlib.com/theme/fantom/js/stellar.js]
[preview.colorlib.com/theme/fantom/vendors/lightbox/simpleLightbox.min.js]
[preview.colorlib.com/theme/fantom/vendors/nice-select/js/jquery.nice-select.min.js]
[preview.colorlib.com/theme/fantom/vendors/isotope/imagesloaded.pkgd.min.js]
[preview.colorlib.com/theme/fantom/vendors/isotope/isotope-min.js]
[preview.colorlib.com/theme/fantom/vendors/owl-carousel/owl.carousel.min.js]
[preview.colorlib.com/theme/fantom/vendors/jquery-ui/jquery-ui.js]
[preview.colorlib.com/theme/fantom/js/jquery.ajaxchimp.min.js]
[preview.colorlib.com/theme/fantom/js/mail-script.js]
[preview.colorlib.com/theme/fantom/index.html]
[preview.colorlib.com/theme/fantom/css/bootstrap.css]
[preview.colorlib.com/theme/fantom/js/theme.js]
[preview.colorlib.com/theme/fantom/vendors/linericon/fonts/Linearicons-Free54e9.eot]
[preview.colorlib.com/theme/fantom/vendors/linericon/fonts/Linearicons-Freed41d.eot]
[preview.colorlib.com/theme/fantom/vendors/linericon/fonts/Linearicons-Free54e9.woff2]
[preview.colorlib.com/theme/fantom/vendors/linericon/fonts/Linearicons-Free54e9.woff]
[preview.colorlib.com/theme/fantom/vendors/linericon/fonts/Linearicons-Free54e9.ttf]
[preview.colorlib.com/theme/fantom/vendors/linericon/style.css]
[preview.colorlib.com/theme/fantom/fonts/fontawesome-webfont3295.eot]
[preview.colorlib.com/theme/fantom/vendors/linericon/fonts/Linearicons-Free54e9.svg]
[preview.colorlib.com/theme/fantom/fonts/fontawesome-webfontd41d.eot]
[preview.colorlib.com/theme/fantom/fonts/fontawesome-webfont3295.woff2]
[preview.colorlib.com/theme/fantom/fonts/fontawesome-webfont3295.woff]
[preview.colorlib.com/theme/fantom/css/font-awesome.min.css]
[preview.colorlib.com/theme/fantom/fonts/fontawesome-webfont3295.ttf]
[preview.colorlib.com/theme/fantom/fonts/fontawesome-webfont3295.svg]
[preview.colorlib.com/theme/fantom/vendors/owl-carousel/owl.video.play.png]
[preview.colorlib.com/theme/fantom/vendors/owl-carousel/owl.carousel.min.css]
[preview.colorlib.com/theme/fantom/vendors/lightbox/simpleLightbox.css]
[preview.colorlib.com/theme/fantom/vendors/nice-select/css/nice-select.css]
[preview.colorlib.com/theme/fantom/vendors/animate-css/animate.css]
[preview.colorlib.com/theme/fantom/vendors/jquery-ui/images/ui-icons_444444_256x240.png]
[preview.colorlib.com/theme/fantom/vendors/jquery-ui/images/ui-icons_555555_256x240.png]
[preview.colorlib.com/theme/fantom/vendors/jquery-ui/images/ui-icons_ffffff_256x240.png]
[preview.colorlib.com/theme/fantom/vendors/jquery-ui/images/ui-icons_777620_256x240.png]
[preview.colorlib.com/theme/fantom/vendors/jquery-ui/images/ui-icons_cc0000_256x240.png]
[preview.colorlib.com/theme/fantom/vendors/jquery-ui/images/ui-icons_777777_256x240.png]
[preview.colorlib.com/theme/fantom/vendors/jquery-ui/jquery-ui.css]
[preview.colorlib.com/theme/fantom/img/banner/banner.jpg]
[preview.colorlib.com/theme/fantom/img/elements/primary-check.png]
[preview.colorlib.com/theme/fantom/img/elements/success-check.png]
[preview.colorlib.com/theme/fantom/img/elements/disabled-check.png]
[preview.colorlib.com/theme/fantom/img/elements/primary-radio.png]
[preview.colorlib.com/theme/fantom/img/elements/success-radio.png]
[preview.colorlib.com/theme/fantom/img/elements/disabled-radio.png]
[preview.colorlib.com/theme/fantom/css/style.css]
[preview.colorlib.com/theme/fantom/css/responsive.css]
[preview.colorlib.com/cdn-cgi/zaraz/sd0d9.js]
[preview.colorlib.com/theme/fantom/index-2.html]
[preview.colorlib.com/theme/fantom/img/post-slider/post-cat-1.jpg]
[preview.colorlib.com/theme/fantom/img/post-slider/post-cat-2.jpg]
[preview.colorlib.com/theme/fantom/category.html]
[preview.colorlib.com/theme/fantom/img/home-blog/blog-small-3.jpg]
[preview.colorlib.com/theme/fantom/img/home-blog/blog-small-4.jpg]
[preview.colorlib.com/theme/fantom/img/home-blog/blog-small-5.jpg]
[preview.colorlib.com/theme/fantom/img/home-blog/blog-small-6.jpg]
[preview.colorlib.com/theme/fantom/img/home-blog/blog-small-7.jpg]
[preview.colorlib.com/theme/fantom/img/home-blog/blog-small-8.jpg]
[preview.colorlib.com/theme/fantom/archive.html]
[preview.colorlib.com/theme/fantom/img/blog/news-blog.jpg]
[preview.colorlib.com/theme/fantom/img/blog/user-img.jpg]
[preview.colorlib.com/theme/fantom/img/blog/prev.jpg]
[preview.colorlib.com/theme/fantom/img/blog/next.jpg]
[preview.colorlib.com/theme/fantom/img/blog/c1.jpg]
[preview.colorlib.com/theme/fantom/img/blog/c2.jpg]
[preview.colorlib.com/theme/fantom/img/blog/c3.jpg]
[preview.colorlib.com/theme/fantom/img/blog/c4.jpg]
[preview.colorlib.com/theme/fantom/img/blog/c5.jpg]
[preview.colorlib.com/theme/fantom/single-blog.html]
[preview.colorlib.com/theme/fantom/img/elements/d.jpg]
[preview.colorlib.com/theme/fantom/img/elements/f1.jpg]
[preview.colorlib.com/theme/fantom/img/elements/f2.jpg]
[preview.colorlib.com/theme/fantom/img/elements/f3.jpg]
[preview.colorlib.com/theme/fantom/img/elements/f4.jpg]
[preview.colorlib.com/theme/fantom/img/elements/f5.jpg]
[preview.colorlib.com/theme/fantom/img/elements/f6.jpg]
[preview.colorlib.com/theme/fantom/img/elements/f7.jpg]
[preview.colorlib.com/theme/fantom/img/elements/f8.jpg]
[preview.colorlib.com/theme/fantom/img/elements/g1.jpg]
[preview.colorlib.com/theme/fantom/img/elements/g2.jpg]
[preview.colorlib.com/theme/fantom/img/elements/g3.jpg]
[preview.colorlib.com/theme/fantom/img/elements/g4.jpg]
[preview.colorlib.com/theme/fantom/img/elements/g5.jpg]
[preview.colorlib.com/theme/fantom/img/elements/g6.jpg]
[preview.colorlib.com/theme/fantom/img/elements/g7.jpg]
[preview.colorlib.com/theme/fantom/img/elements/g8.jpg]
[preview.colorlib.com/theme/fantom/img/footer-logo.png]
[preview.colorlib.com/theme/fantom/img/product/product-13.jpg]
[preview.colorlib.com/theme/fantom/img/product/product-14.jpg]
[preview.colorlib.com/theme/fantom/elements.html]
[preview.colorlib.com/cdn-cgi/scripts/5c5dd728/cloudflare-static/email-decode.min.js]
[preview.colorlib.com/theme/fantom/js/jquery.form.js]
[preview.colorlib.com/theme/fantom/js/jquery.validate.min.js]
[preview.colorlib.com/theme/fantom/js/contact.js]
[preview.colorlib.com/theme/fantom/contact.html]
[preview.colorlib.com/theme/fantom/blog-details.html]
[preview.colorlib.com/theme/fantom/vendors/linericon/fonts/Linearicons-Free54e9.svg]
[preview.colorlib.com/theme/fantom/fonts/fontawesome-webfont3295.svg]
[preview.colorlib.com/theme/fantom/vendors/owl-carousel/owl.video.play.html]
[preview.colorlib.com/theme/fantom/vendors/jquery-ui/images/ui-icons_444444_256x240.html]
[preview.colorlib.com/theme/fantom/vendors/jquery-ui/images/ui-icons_555555_256x240.html]
[preview.colorlib.com/theme/fantom/vendors/jquery-ui/images/ui-icons_ffffff_256x240.html]
[preview.colorlib.com/theme/fantom/vendors/jquery-ui/images/ui-icons_777620_256x240.html]
[preview.colorlib.com/theme/fantom/vendors/jquery-ui/images/ui-icons_cc0000_256x240.html]
[preview.colorlib.com/theme/fantom/vendors/jquery-ui/images/ui-icons_777777_256x240.html]
[preview.colorlib.com/theme/fantom/img/product/product-13.html]
[preview.colorlib.com/theme/fantom/img/product/product-14.html]
[preview.colorlib.com/theme/fantom/js/gmaps.min.js]
